// Jest Snapshot v1, https://goo.gl/fbAQLP

exports[`Alert does not render if message prop is empty 1`] = `<DocumentFragment />`;
